Starting project at /opt/distravel
Starting Metro Bundler
Tunnel connected.
Tunnel ready.
Waiting on http://localhost:8082
Logs for your project will appear below.
Web ./index.js ░░░░░░░░░░░░░░░░  0.0% (0/1)
Web Bundling failed 1378ms index.js (2502 modules)
 ERROR  Importing native-only module "react-native/Libraries/Utilities/codegenNativeCommands" on web from: node_modules/react-native-maps/lib/MapMarkerNativeComponent.js

Import stack:

 node_modules/react-native-maps/lib/MapMarkerNativeComponent.js
 | import "react-native/Libraries/Utilities/codegenNativeCommands"
           ^ Importing react-native internals is not supported on web.

 node_modules/react-native-maps/lib/MapMarker.js
 | import "./MapMarkerNativeComponent"

 node_modules/react-native-maps/lib/index.js
 | import "./MapMarker"

 src/screens/PlaceDetailScreen.js
 | import "react-native-maps"

 src/navigation/AppNavigator.js
 | import "../screens/PlaceDetailScreen"

 App.js
 | import "./src/navigation/AppNavigator"

 index.js
 | import "./App"

 
 | import "./index"

Web ./index.js ░░░░░░░░░░░░░░░░  0.0% (0/1)
Web Bundling failed 566ms index.js (2450 modules)
 ERROR  Importing native-only module "react-native/Libraries/Utilities/codegenNativeCommands" on web from: node_modules/react-native-maps/lib/MapMarkerNativeComponent.js

Import stack:

 node_modules/react-native-maps/lib/MapMarkerNativeComponent.js
 | import "react-native/Libraries/Utilities/codegenNativeCommands"
           ^ Importing react-native internals is not supported on web.

 node_modules/react-native-maps/lib/MapMarker.js
 | import "./MapMarkerNativeComponent"

 node_modules/react-native-maps/lib/index.js
 | import "./MapMarker"

 src/screens/PlaceDetailScreen.js
 | import "react-native-maps"

 src/navigation/AppNavigator.js
 | import "../screens/PlaceDetailScreen"

 App.js
 | import "./src/navigation/AppNavigator"

 index.js
 | import "./App"

 
 | import "./index"

Web ./index.js ░░░░░░░░░░░░░░░░  0.0% (0/1)
Web Bundling failed 521ms index.js (2425 modules)
 ERROR  Importing native-only module "react-native/Libraries/Utilities/codegenNativeCommands" on web from: node_modules/react-native-maps/lib/MapMarkerNativeComponent.js

Import stack:

 node_modules/react-native-maps/lib/MapMarkerNativeComponent.js
 | import "react-native/Libraries/Utilities/codegenNativeCommands"
           ^ Importing react-native internals is not supported on web.

 node_modules/react-native-maps/lib/MapMarker.js
 | import "./MapMarkerNativeComponent"

 node_modules/react-native-maps/lib/index.js
 | import "./MapMarker"

 src/screens/PlaceDetailScreen.js
 | import "react-native-maps"

 src/navigation/AppNavigator.js
 | import "../screens/PlaceDetailScreen"

 App.js
 | import "./src/navigation/AppNavigator"

 index.js
 | import "./App"

 
 | import "./index"

Web ./index.js ░░░░░░░░░░░░░░░░  0.0% (0/1)
Web Bundling failed 555ms index.js (2434 modules)
 ERROR  Importing native-only module "react-native/Libraries/Utilities/codegenNativeCommands" on web from: node_modules/react-native-maps/lib/MapMarkerNativeComponent.js

Import stack:

 node_modules/react-native-maps/lib/MapMarkerNativeComponent.js
 | import "react-native/Libraries/Utilities/codegenNativeCommands"
           ^ Importing react-native internals is not supported on web.

 node_modules/react-native-maps/lib/MapMarker.js
 | import "./MapMarkerNativeComponent"

 node_modules/react-native-maps/lib/index.js
 | import "./MapMarker"

 src/screens/PlaceDetailScreen.js
 | import "react-native-maps"

 src/navigation/AppNavigator.js
 | import "../screens/PlaceDetailScreen"

 App.js
 | import "./src/navigation/AppNavigator"

 index.js
 | import "./App"

 
 | import "./index"

Web ./index.js ░░░░░░░░░░░░░░░░  0.0% (0/1)
Web Bundling failed 453ms index.js (2432 modules)
 ERROR  Importing native-only module "react-native/Libraries/Utilities/codegenNativeCommands" on web from: node_modules/react-native-maps/lib/MapMarkerNativeComponent.js

Import stack:

 node_modules/react-native-maps/lib/MapMarkerNativeComponent.js
 | import "react-native/Libraries/Utilities/codegenNativeCommands"
           ^ Importing react-native internals is not supported on web.

 node_modules/react-native-maps/lib/MapMarker.js
 | import "./MapMarkerNativeComponent"

 node_modules/react-native-maps/lib/index.js
 | import "./MapMarker"

 src/screens/PlaceDetailScreen.js
 | import "react-native-maps"

 src/navigation/AppNavigator.js
 | import "../screens/PlaceDetailScreen"

 App.js
 | import "./src/navigation/AppNavigator"

 index.js
 | import "./App"

 
 | import "./index"

Web ./index.js ░░░░░░░░░░░░░░░░  0.0% (0/1)
Web Bundling failed 540ms index.js (2425 modules)
 ERROR  Importing native-only module "react-native/Libraries/Utilities/codegenNativeCommands" on web from: node_modules/react-native-maps/lib/MapMarkerNativeComponent.js

Import stack:

 node_modules/react-native-maps/lib/MapMarkerNativeComponent.js
 | import "react-native/Libraries/Utilities/codegenNativeCommands"
           ^ Importing react-native internals is not supported on web.

 node_modules/react-native-maps/lib/MapMarker.js
 | import "./MapMarkerNativeComponent"

 node_modules/react-native-maps/lib/index.js
 | import "./MapMarker"

 src/screens/PlaceDetailScreen.js
 | import "react-native-maps"

 src/navigation/AppNavigator.js
 | import "../screens/PlaceDetailScreen"

 App.js
 | import "./src/navigation/AppNavigator"

 index.js
 | import "./App"

 
 | import "./index"

